

=== DEBUG CALLBACK START [2025-08-04 17:19:03] ===
REQUEST METHOD: GET
POST DATA: []
GET DATA: []
RAW INPUT: 
EXTRACTED DATA:
- Reference: NOT FOUND
- Status: NOT FOUND
- Transaction ID: NOT FOUND
ERROR: No reference found in callback data


=== DEBUG CALLBACK START [2025-08-04 17:31:07] ===
REQUEST METHOD: GET
POST DATA: []
GET DATA: []
RAW INPUT: 
EXTRACTED DATA:
- Reference: NOT FOUND
- Status: NOT FOUND
- Transaction ID: NOT FOUND
ERROR: No reference found in callback data


=== DEBUG CALLBACK START [2025-08-04 17:47:51] ===
REQUEST METHOD: GET
POST DATA: []
GET DATA: []
RAW INPUT: 
EXTRACTED DATA:
- Reference: NOT FOUND
- Status: NOT FOUND
- Transaction ID: NOT FOUND
ERROR: No reference found in callback data


=== DEBUG CALLBACK START [2025-08-04 21:02:07] ===
REQUEST METHOD: GET
POST DATA: []
GET DATA: []
RAW INPUT: 
EXTRACTED DATA:
- Reference: NOT FOUND
- Status: NOT FOUND
- Transaction ID: NOT FOUND
ERROR: No reference found in callback data


=== DEBUG CALLBACK START [2025-08-05 05:34:01] ===
REQUEST METHOD: GET
POST DATA: []
GET DATA: []
RAW INPUT: 
EXTRACTED DATA:
- Reference: NOT FOUND
- Status: NOT FOUND
- Transaction ID: NOT FOUND
ERROR: No reference found in callback data
