[2025-08-05 05:56:51] === PAYMENT FIX SCRIPT COMPLETED ===
[2025-08-05 06:02:00] === PAYMENT FIX SCRIPT STARTED ===
[2025-08-05 06:02:00] Found 0 pending payments
[2025-08-05 06:02:00] === PAYMENT FIX SCRIPT COMPLETED ===ted
[2025-10-24 19:42:22] === PAYMENT FIX SCRIPT COMPLETED ===
[2025-11-05 20:33:21] === PAYMENT FIX SCRIPT STARTED ===
[2025-11-05 20:33:21] Found 59 pending payments
[2025-11-05 20:33:21] === PAYMENT FIX SCRIPT COMPLETED ===
[2025-11-05 20:33:58] === PAYMENT FIX SCRIPT STARTED ===
[2025-11-05 20:33:58] Found 59 pending payments
[2025-11-05 20:33:58] SUCCESS: Payment ID 88 updated to completed
[2025-11-05 20:33:58] === PAYMENT FIX SCRIPT COMPLETED ===
[2025-11-05 20:34:01] === PAYMENT FIX SCRIPT STARTED ===
[2025-11-05 20:34:01] Found 58 pending payments
[2025-11-05 20:34:01] === PAYMENT FIX SCRIPT COMPLETED ===
[2025-11-11 21:25:10] === PAYMENT FIX SCRIPT STARTED ===
[2025-11-11 21:25:10] Found 60 pending payments
[2025-11-11 21:25:10] === PAYMENT FIX SCRIPT COMPLETED ===
[2025-11-21 16:37:50] === PAYMENT FIX SCRIPT STARTED ===
[2025-11-21 16:37:50] Found 66 pending payments
[2025-11-21 16:37:50] === PAYMENT FIX SCRIPT COMPLETED ===
[2025-11-27 07:57:08] === PAYMENT FIX SCRIPT STARTED ===
[2025-11-27 07:58:21] === PAYMENT FIX SCRIPT STARTED ===
[2025-11-27 07:58:21] Found 60 pending payments
[2025-11-27 07:58:21] === PAYMENT FIX SCRIPT COMPLETED ===
[2025-11-27 07:58:26] === PAYMENT FIX SCRIPT STARTED ===
[2025-11-27 07:58:26] Found 60 pending payments
[2025-11-27 07:58:26] SUCCESS: Payment ID 90 updated to completed
[2025-11-27 07:58:26] === PAYMENT FIX SCRIPT COMPLETED ===
[2025-11-27 07:58:28] === PAYMENT FIX SCRIPT STARTED ===
[2025-11-27 07:58:28] Found 59 pending payments
[2025-11-27 07:58:28] === PAYMENT FIX SCRIPT COMPLETED ===
[2025-11-27 07:58:36] === PAYMENT FIX SCRIPT STARTED ===
[2025-11-27 07:58:36] Found 59 pending payments
[2025-11-27 07:58:38] SUCCESS: Payment ID 89 updated to completed
[2025-11-27 07:58:38] === PAYMENT FIX SCRIPT COMPLETED ===
[2025-11-27 07:58:40] === PAYMENT FIX SCRIPT STARTED ===
[2025-11-27 07:58:40] Found 58 pending payments
[2025-11-27 07:58:40] === PAYMENT FIX SCRIPT COMPLETED ===
[2025-11-27 07:58:47] === PAYMENT FIX SCRIPT STARTED ===
[2025-11-27 07:58:47] Found 58 pending payments
[2025-11-27 07:58:47] SUCCESS: Payment ID 87 updated to failed
[2025-11-27 07:58:47] === PAYMENT FIX SCRIPT COMPLETED ===
[2025-11-27 07:58:49] === PAYMENT FIX SCRIPT STARTED ===
[2025-11-27 07:58:49] Found 57 pending payments
[2025-11-27 07:58:49] === PAYMENT FIX SCRIPT COMPLETED ===
[2025-11-27 08:03:34] === PAYMENT FIX SCRIPT STARTED ===
[2025-11-27 08:03:34] Found 58 pending payments
[2025-11-27 08:03:34] === PAYMENT FIX SCRIPT COMPLETED ===
[2025-11-27 08:03:39] === PAYMENT FIX SCRIPT STARTED ===
[2025-11-27 08:03:39] Found 58 pending payments
[2025-11-27 08:03:40] SUCCESS: Payment ID 91 updated to completed
[2025-11-27 08:03:40] === PAYMENT FIX SCRIPT COMPLETED ===
[2025-11-27 08:03:42] === PAYMENT FIX SCRIPT STARTED ===
[2025-11-27 08:03:42] Found 57 pending payments
[2025-11-27 08:03:42] === PAYMENT FIX SCRIPT COMPLETED ===
[2025-11-27 10:21:07] === PAYMENT FIX SCRIPT STARTED ===
[2025-11-27 10:21:07] Found 57 pending payments
[2025-11-27 10:21:07] === PAYMENT FIX SCRIPT COMPLETED ===
